
======= data_storage.pol:C =======
Gas estimation:
construction:
   306 + 264400 = 264706
external:
   f():	263
