{"contracts":{"A":{"C":{"svm":{"methodIdentifiers":{"f()":"26121ff0"}}}}},"sources":{"A":{"id":0}}}
